// Jest Snapshot v1, https://goo.gl/fbAQLP

exports[`BasicContainer component matches snapshot 1`] = `
<View
  style={
    {
      "alignItems": "center",
      "backgroundColor": "#000",
      "display": "flex",
      "height": "100%",
      "justifyContent": "center",
    }
  }
>
  <Text>
    Test Children
  </Text>
</View>
`;
